[kernel] boot drive=128
[kernel] malloc OK
[kernel] gdt OK
[kernel] idt OK
[kernel] paging OK
[kernel] syscall OK
[kernel] task OK
[kernel] timer OK
[kernel] keyboard OK
[kernel] ata OK
[kernel] sti OK
[kernel] initrd OK
[kernel] drive_idx=0
[kernel] boot_disk=1 exists=1
[kernel] reading sector 255
[kernel] sector 255 read OK
[kernel] is_live=1
[kernel] boot drive=129
[kernel] malloc OK
[kernel] gdt OK
[kernel] idt OK
[kernel] paging OK
[kernel] syscall OK
[kernel] task OK
[kernel] timer OK
[kernel] keyboard OK
[kernel] ata OK
[kernel] sti OK
[kernel] initrd OK
[kernel] drive_idx=1
[kernel] boot_disk=1 exists=1
[kernel] reading sector 255
[kernel] sector 255 read OK
[kernel] is_live=0
[kernel] fat32_init
[kernel] fat32_init OK
[kernel] noan_load shell
[kernel] noan_load result=8388608
[kernel] shell_entry=8388608
[kernel] task_create
[task_create: entry=0x00800000 stack_addr=0x00402484 value_at_stack=0x00800000]
[kernel] task_yield
[task_switch: switching to pid=2 esp=0x00402458]
[syscall_handler: num=3 EIP=0x00800016 EAX=0x00000003]
[syscall_handler: num=19 EIP=0x00800037 EAX=0x00000013]
[syscall_handler: num=4 EIP=0x00800101 EAX=0x00000004]
[syscall_handler: num=1 EIP=0x0080010F EAX=0x00000001]
[syscall_handler: num=1 EIP=0x00800118 EAX=0x00000001]
[syscall_handler: num=1 EIP=0x00800145 EAX=0x00000001]
[syscall_handler: num=1 EIP=0x0080014E EAX=0x00000001]
[syscall_handler: num=2 EIP=0x00800164 EAX=0x00000002]
[task_switch: switching to pid=1 esp=0x00009B8C]
[kernel] back from yield
[task_switch: switching to pid=2 esp=0x00402458]
[syscall_handler: num=2 EIP=0x00800164 EAX=0x00000002]
[syscall_handler: num=8 EIP=0x008001A8 EAX=0x00000008]
[syscall_handler: num=2 EIP=0x00800164 EAX=0x00000002]
[task_switch: switching to pid=1 esp=0x00009B90]
[task_switch: switching to pid=2 esp=0x00402458]
[syscall_handler: num=2 EIP=0x00800164 EAX=0x00000002]
[syscall_handler: num=8 EIP=0x008001A8 EAX=0x00000008]
[syscall_handler: num=2 EIP=0x00800164 EAX=0x00000002]
[task_switch: switching to pid=1 esp=0x00009B90]
[task_switch: switching to pid=2 esp=0x00402458]
[syscall_handler: num=2 EIP=0x00800164 EAX=0x00000002]
[syscall_handler: num=8 EIP=0x008001A8 EAX=0x00000008]
[syscall_handler: num=2 EIP=0x00800164 EAX=0x00000002]
[task_switch: switching to pid=1 esp=0x00009B90]
[task_switch: switching to pid=2 esp=0x00402458]
[syscall_handler: num=2 EIP=0x00800164 EAX=0x00000002]
[syscall_handler: num=8 EIP=0x008001A8 EAX=0x00000008]
[syscall_handler: num=2 EIP=0x00800164 EAX=0x00000002]
[task_switch: switching to pid=1 esp=0x00009B90]
[task_switch: switching to pid=2 esp=0x00402458]
[syscall_handler: num=2 EIP=0x00800164 EAX=0x00000002]
[syscall_handler: num=8 EIP=0x008001A8 EAX=0x00000008]
[syscall_handler: num=2 EIP=0x00800164 EAX=0x00000002]
[task_switch: switching to pid=1 esp=0x00009B90]
[task_switch: switching to pid=2 esp=0x00402458]
[syscall_handler: num=2 EIP=0x00800164 EAX=0x00000002]
[syscall_handler: num=8 EIP=0x008001A8 EAX=0x00000008]
[syscall_handler: num=2 EIP=0x00800164 EAX=0x00000002]
[task_switch: switching to pid=1 esp=0x00009B90]
[task_switch: switching to pid=2 esp=0x00402458]
[syscall_handler: num=2 EIP=0x00800164 EAX=0x00000002]
[syscall_handler: num=8 EIP=0x0080023C EAX=0x00000008]
[syscall_handler: num=3 EIP=0x008005D4 EAX=0x00000003]
[syscall_handler: num=3 EIP=0x0080065B EAX=0x00000003]
[syscall_handler: num=6 EIP=0x008009BA EAX=0x00000006]
[syscall_handler: num=29 EIP=0x008007BB EAX=0x0000001D]
[syscall_handler: num=4 EIP=0x008007C8 EAX=0x00000004]
[syscall_handler: num=4 EIP=0x008007D0 EAX=0x00000004]
[syscall_handler: num=3 EIP=0x008003AC EAX=0x00000003]
[syscall_handler: num=14 EIP=0x0080044C EAX=0x0000000E]
[syscall_handler: num=16 EIP=0x0080045A EAX=0x00000010]
[syscall_handler: num=4 EIP=0x00800463 EAX=0x00000004]
[syscall_handler: num=1 EIP=0x008002B4 EAX=0x00000001]
[syscall_handler: num=1 EIP=0x008002BD EAX=0x00000001]
[syscall_handler: num=2 EIP=0x00800164 EAX=0x00000002]
[task_switch: switching to pid=1 esp=0x00009B90]
[task_switch: switching to pid=2 esp=0x00402458]
[syscall_handler: num=2 EIP=0x00800164 EAX=0x00000002]
[syscall_handler: num=8 EIP=0x008001A8 EAX=0x00000008]
[syscall_handler: num=2 EIP=0x00800164 EAX=0x00000002]
[task_switch: switching to pid=1 esp=0x00009B90]
[task_switch: switching to pid=2 esp=0x00402458]
[syscall_handler: num=2 EIP=0x00800164 EAX=0x00000002]
[syscall_handler: num=8 EIP=0x008001A8 EAX=0x00000008]
[syscall_handler: num=2 EIP=0x00800164 EAX=0x00000002]
[task_switch: switching to pid=1 esp=0x00009B90]
[task_switch: switching to pid=2 esp=0x00402458]
[syscall_handler: num=2 EIP=0x00800164 EAX=0x00000002]
[syscall_handler: num=8 EIP=0x008001A8 EAX=0x00000008]
[syscall_handler: num=2 EIP=0x00800164 EAX=0x00000002]
[task_switch: switching to pid=1 esp=0x00009B90]
[task_switch: switching to pid=2 esp=0x00402458]
[syscall_handler: num=2 EIP=0x00800164 EAX=0x00000002]
[syscall_handler: num=8 EIP=0x008001A8 EAX=0x00000008]
[syscall_handler: num=2 EIP=0x00800164 EAX=0x00000002]
[task_switch: switching to pid=1 esp=0x00009B90]
[task_switch: switching to pid=2 esp=0x00402458]
[syscall_handler: num=2 EIP=0x00800164 EAX=0x00000002]
[syscall_handler: num=8 EIP=0x0080023C EAX=0x00000008]
[syscall_handler: num=3 EIP=0x008005D4 EAX=0x00000003]
[syscall_handler: num=3 EIP=0x0080065B EAX=0x00000003]
[syscall_handler: num=27 EIP=0x00800754 EAX=0x0000001B]
[syscall_handler: num=31 EIP=0x00800765 EAX=0x0000001F]
[ELF: e_entry=0x08001092]
[task_create: entry=0x08001092 stack_addr=0x00410F60 value_at_stack=0x08001092]
[ELF: proc->eip after task_create=0x08001092]
[task_switch: switching to pid=3 esp=0x00410F34]
[syscall_handler: num=243 EIP=0x08007750 EAX=0x000000F3]
[syscall 243]
[syscall_handler: num=258 EIP=0x08006E05 EAX=0x00000102]
[syscall 258]
[syscall_handler: num=54 EIP=0x08007384 EAX=0x00000036]
[syscall 54]
[syscall_handler: num=146 EIP=0x08007A49 EAX=0x00000092]
[syscall 146]
[syscall_handler: num=146 EIP=0x08007A49 EAX=0x00000092]
[syscall 146]
[syscall_handler: num=146 EIP=0x08007A49 EAX=0x00000092]
[syscall 146]
[syscall_handler: num=146 EIP=0x08007A49 EAX=0x00000092]
[syscall 146]
[syscall_handler: num=146 EIP=0x08007A49 EAX=0x00000092]
[syscall 146]
[syscall_handler: num=146 EIP=0x08007A49 EAX=0x00000092]
[syscall 146]
[syscall_handler: num=45 EIP=0x080022EE EAX=0x0000002D]
[syscall 45]
[syscall_handler: num=45 EIP=0x08002310 EAX=0x0000002D]
[syscall 45]
[syscall_handler: num=192 EIP=0x080035BB EAX=0x000000C0]
[syscall 192]
[syscall_handler: num=192 EIP=0x080035BB EAX=0x000000C0]
[syscall 192]

[EXCEPTION #13 General Protection Fault]
  EIP=0x08002AF3 CS=0x0000001B EFLAGS=0x00010206
  EAX=0x00000001 EBX=0x00000002 ECX=0x00000001 EDX=0x0800C058
  ESI=0x00000010 EDI=0x000003F0 EBP=0x0800C040 ESP=0x00410F58
  DS=0x00000023 ERR=0x00000000
[task_switch: switching to pid=2 esp=0x00402458]
[syscall_handler: num=29 EIP=0x008007BB EAX=0x0000001D]
[syscall_handler: num=4 EIP=0x008007C8 EAX=0x00000004]
[syscall_handler: num=4 EIP=0x008007D0 EAX=0x00000004]
[syscall_handler: num=3 EIP=0x008003AC EAX=0x00000003]
[syscall_handler: num=14 EIP=0x0080044C EAX=0x0000000E]
[syscall_handler: num=16 EIP=0x0080045A EAX=0x00000010]
[syscall_handler: num=4 EIP=0x00800463 EAX=0x00000004]
[syscall_handler: num=1 EIP=0x008002B4 EAX=0x00000001]
[syscall_handler: num=1 EIP=0x008002BD EAX=0x00000001]
[syscall_handler: num=2 EIP=0x00800164 EAX=0x00000002]
[task_switch: switching to pid=1 esp=0x00009B90]
[task_switch: switching to pid=2 esp=0x00402458]
[syscall_handler: num=2 EIP=0x00800164 EAX=0x00000002]
[syscall_handler: num=8 EIP=0x008001A8 EAX=0x00000008]
[syscall_handler: num=2 EIP=0x00800164 EAX=0x00000002]
[task_switch: switching to pid=1 esp=0x00009B90]
[task_switch: switching to pid=2 esp=0x00402458]
[syscall_handler: num=2 EIP=0x00800164 EAX=0x00000002]
[syscall_handler: num=8 EIP=0x008001A8 EAX=0x00000008]
[syscall_handler: num=2 EIP=0x00800164 EAX=0x00000002]
[task_switch: switching to pid=1 esp=0x00009B90]
[task_switch: switching to pid=2 esp=0x00402458]
[syscall_handler: num=2 EIP=0x00800164 EAX=0x00000002]
[syscall_handler: num=8 EIP=0x008001A8 EAX=0x00000008]
[syscall_handler: num=2 EIP=0x00800164 EAX=0x00000002]
[task_switch: switching to pid=1 esp=0x00009B90]
[task_switch: switching to pid=2 esp=0x00402458]
[syscall_handler: num=2 EIP=0x00800164 EAX=0x00000002]
[syscall_handler: num=8 EIP=0x008001A8 EAX=0x00000008]
[syscall_handler: num=2 EIP=0x00800164 EAX=0x00000002]
[task_switch: switching to pid=1 esp=0x00009B90]
[task_switch: switching to pid=2 esp=0x00402458]
[syscall_handler: num=2 EIP=0x00800164 EAX=0x00000002]
[syscall_handler: num=8 EIP=0x008001A8 EAX=0x00000008]
[syscall_handler: num=2 EIP=0x00800164 EAX=0x00000002]
[task_switch: switching to pid=1 esp=0x00009B90]
[task_switch: switching to pid=2 esp=0x00402458]
[syscall_handler: num=2 EIP=0x00800164 EAX=0x00000002]
[syscall_handler: num=8 EIP=0x008001A8 EAX=0x00000008]
[syscall_handler: num=2 EIP=0x00800164 EAX=0x00000002]
[task_switch: switching to pid=1 esp=0x00009B90]
[task_switch: switching to pid=2 esp=0x00402458]
[syscall_handler: num=2 EIP=0x00800164 EAX=0x00000002]
[syscall_handler: num=8 EIP=0x008001A8 EAX=0x00000008]
[syscall_handler: num=2 EIP=0x00800164 EAX=0x00000002]
[task_switch: switching to pid=1 esp=0x00009B90]
[task_switch: switching to pid=2 esp=0x00402458]
[syscall_handler: num=2 EIP=0x00800164 EAX=0x00000002]
[syscall_handler: num=8 EIP=0x008001A8 EAX=0x00000008]
[syscall_handler: num=2 EIP=0x00800164 EAX=0x00000002]
[task_switch: switching to pid=1 esp=0x00009B90]
[task_switch: switching to pid=2 esp=0x00402458]
[syscall_handler: num=2 EIP=0x00800164 EAX=0x00000002]
[syscall_handler: num=8 EIP=0x008001A8 EAX=0x00000008]
[syscall_handler: num=2 EIP=0x00800164 EAX=0x00000002]
[task_switch: switching to pid=1 esp=0x00009B90]
[task_switch: switching to pid=2 esp=0x00402458]
[syscall_handler: num=2 EIP=0x00800164 EAX=0x00000002]
[syscall_handler: num=8 EIP=0x008001A8 EAX=0x00000008]
[syscall_handler: num=2 EIP=0x00800164 EAX=0x00000002]
[task_switch: switching to pid=1 esp=0x00009B90]
[task_switch: switching to pid=2 esp=0x00402458]
[syscall_handler: num=2 EIP=0x00800164 EAX=0x00000002]
[syscall_handler: num=8 EIP=0x008001A8 EAX=0x00000008]
[syscall_handler: num=2 EIP=0x00800164 EAX=0x00000002]
[task_switch: switching to pid=1 esp=0x00009B90]
[task_switch: switching to pid=2 esp=0x00402458]
[syscall_handler: num=2 EIP=0x00800164 EAX=0x00000002]
[syscall_handler: num=8 EIP=0x0080023C EAX=0x00000008]
[syscall_handler: num=3 EIP=0x008005D4 EAX=0x00000003]
[syscall_handler: num=3 EIP=0x0080065B EAX=0x00000003]
[syscall_handler: num=27 EIP=0x00800754 EAX=0x0000001B]
[syscall_handler: num=31 EIP=0x00800765 EAX=0x0000001F]
[ELF: e_entry=0x08001072]
[task_create: entry=0x08001072 stack_addr=0x0040A878 value_at_stack=0x08001072]
[ELF: proc->eip after task_create=0x08001072]
[task_switch: switching to pid=4 esp=0x0040A84C]
[syscall_handler: num=243 EIP=0x080018E9 EAX=0x000000F3]
[syscall 243]
[syscall_handler: num=258 EIP=0x08001745 EAX=0x00000102]
[syscall 258]
[syscall_handler: num=4 EIP=0x080018B6 EAX=0x00000004]
[syscall 4]
[write fd=1 count=16 buf=0x0040B7CF]
[syscall_handler: num=252 EIP=0x080017FD EAX=0x000000FC]
[syscall 252]
[waking parent pid=2]
[task_switch: switching to pid=2 esp=0x00402458]
[syscall_handler: num=29 EIP=0x008007BB EAX=0x0000001D]
[syscall_handler: num=4 EIP=0x008007C8 EAX=0x00000004]
[syscall_handler: num=4 EIP=0x008007D0 EAX=0x00000004]
[syscall_handler: num=3 EIP=0x008003AC EAX=0x00000003]
[syscall_handler: num=14 EIP=0x0080044C EAX=0x0000000E]
[syscall_handler: num=16 EIP=0x0080045A EAX=0x00000010]
[syscall_handler: num=4 EIP=0x00800463 EAX=0x00000004]
[syscall_handler: num=1 EIP=0x008002B4 EAX=0x00000001]
[syscall_handler: num=1 EIP=0x008002BD EAX=0x00000001]
[syscall_handler: num=2 EIP=0x00800164 EAX=0x00000002]
[task_switch: switching to pid=1 esp=0x00009B90]
[task_switch: switching to pid=2 esp=0x00402458]
[syscall_handler: num=2 EIP=0x00800164 EAX=0x00000002]
[syscall_handler: num=2 EIP=0x00800164 EAX=0x00000002]
[task_switch: switching to pid=1 esp=0x00009B90]
[task_switch: switching to pid=2 esp=0x00402458]
[syscall_handler: num=2 EIP=0x00800164 EAX=0x00000002]
[syscall_handler: num=8 EIP=0x008001A8 EAX=0x00000008]
[syscall_handler: num=2 EIP=0x00800164 EAX=0x00000002]
[task_switch: switching to pid=1 esp=0x00009B90]
[task_switch: switching to pid=2 esp=0x00402458]
[syscall_handler: num=2 EIP=0x00800164 EAX=0x00000002]
[syscall_handler: num=8 EIP=0x0080023C EAX=0x00000008]
[syscall_handler: num=3 EIP=0x008005D4 EAX=0x00000003]
[syscall_handler: num=3 EIP=0x0080065B EAX=0x00000003]
[syscall_handler: num=27 EIP=0x00800754 EAX=0x0000001B]
[syscall_handler: num=31 EIP=0x00800765 EAX=0x0000001F]
[syscall_handler: num=1 EIP=0x00800777 EAX=0x00000001]
[syscall_handler: num=1 EIP=0x0080077D EAX=0x00000001]
[syscall_handler: num=8 EIP=0x00800789 EAX=0x00000008]
[syscall_handler: num=29 EIP=0x008007BB EAX=0x0000001D]
[syscall_handler: num=4 EIP=0x008007C8 EAX=0x00000004]
[syscall_handler: num=4 EIP=0x008007D0 EAX=0x00000004]
[syscall_handler: num=3 EIP=0x008003AC EAX=0x00000003]
[syscall_handler: num=14 EIP=0x0080044C EAX=0x0000000E]
[syscall_handler: num=16 EIP=0x0080045A EAX=0x00000010]
[syscall_handler: num=4 EIP=0x00800463 EAX=0x00000004]
[syscall_handler: num=1 EIP=0x008002B4 EAX=0x00000001]
[syscall_handler: num=1 EIP=0x008002BD EAX=0x00000001]
[syscall_handler: num=2 EIP=0x00800164 EAX=0x00000002]
[task_switch: switching to pid=1 esp=0x00009B90]
[task_switch: switching to pid=2 esp=0x00402458]
[syscall_handler: num=2 EIP=0x00800164 EAX=0x00000002]
[syscall_handler: num=8 EIP=0x008001A8 EAX=0x00000008]
[syscall_handler: num=2 EIP=0x00800164 EAX=0x00000002]
[task_switch: switching to pid=1 esp=0x00009B90]
[task_switch: switching to pid=2 esp=0x00402458]
[syscall_handler: num=2 EIP=0x00800164 EAX=0x00000002]
[syscall_handler: num=8 EIP=0x008001A8 EAX=0x00000008]
[syscall_handler: num=2 EIP=0x00800164 EAX=0x00000002]
[task_switch: switching to pid=1 esp=0x00009B90]
[task_switch: switching to pid=2 esp=0x00402458]
[syscall_handler: num=2 EIP=0x00800164 EAX=0x00000002]
[syscall_handler: num=8 EIP=0x0080023C EAX=0x00000008]
[syscall_handler: num=3 EIP=0x008005D4 EAX=0x00000003]
[syscall_handler: num=3 EIP=0x0080065B EAX=0x00000003]
[syscall_handler: num=5 EIP=0x00800997 EAX=0x00000005]
[syscall_handler: num=29 EIP=0x008007BB EAX=0x0000001D]
[syscall_handler: num=4 EIP=0x008007C8 EAX=0x00000004]
[syscall_handler: num=4 EIP=0x008007D0 EAX=0x00000004]
[syscall_handler: num=3 EIP=0x008003AC EAX=0x00000003]
[syscall_handler: num=14 EIP=0x0080044C EAX=0x0000000E]
[syscall_handler: num=16 EIP=0x0080045A EAX=0x00000010]
[syscall_handler: num=4 EIP=0x00800463 EAX=0x00000004]
[syscall_handler: num=1 EIP=0x008002B4 EAX=0x00000001]
[syscall_handler: num=1 EIP=0x008002BD EAX=0x00000001]
[syscall_handler: num=2 EIP=0x00800164 EAX=0x00000002]
[task_switch: switching to pid=1 esp=0x00009B90]
[task_switch: switching to pid=2 esp=0x00402458]
[syscall_handler: num=2 EIP=0x00800164 EAX=0x00000002]
[syscall_handler: num=8 EIP=0x008001A8 EAX=0x00000008]
[syscall_handler: num=2 EIP=0x00800164 EAX=0x00000002]
[task_switch: switching to pid=1 esp=0x00009B90]
[task_switch: switching to pid=2 esp=0x00402458]
[syscall_handler: num=2 EIP=0x00800164 EAX=0x00000002]
[syscall_handler: num=8 EIP=0x008001A8 EAX=0x00000008]
[syscall_handler: num=2 EIP=0x00800164 EAX=0x00000002]
[task_switch: switching to pid=1 esp=0x00009B90]
[task_switch: switching to pid=2 esp=0x00402458]
[syscall_handler: num=2 EIP=0x00800164 EAX=0x00000002]
[syscall_handler: num=8 EIP=0x008001A8 EAX=0x00000008]
[syscall_handler: num=2 EIP=0x00800164 EAX=0x00000002]
[task_switch: switching to pid=1 esp=0x00009B90]
[task_switch: switching to pid=2 esp=0x00402458]
[syscall_handler: num=2 EIP=0x00800164 EAX=0x00000002]
[syscall_handler: num=8 EIP=0x008001A8 EAX=0x00000008]
[syscall_handler: num=2 EIP=0x00800164 EAX=0x00000002]
[task_switch: switching to pid=1 esp=0x00009B90]
[task_switch: switching to pid=2 esp=0x00402458]
[syscall_handler: num=2 EIP=0x00800164 EAX=0x00000002]
[syscall_handler: num=8 EIP=0x008001A8 EAX=0x00000008]
[syscall_handler: num=2 EIP=0x00800164 EAX=0x00000002]
[task_switch: switching to pid=1 esp=0x00009B90]
[task_switch: switching to pid=2 esp=0x00402458]
[syscall_handler: num=2 EIP=0x00800164 EAX=0x00000002]
[syscall_handler: num=8 EIP=0x008001A8 EAX=0x00000008]
[syscall_handler: num=2 EIP=0x00800164 EAX=0x00000002]
[task_switch: switching to pid=1 esp=0x00009B90]
[task_switch: switching to pid=2 esp=0x00402458]
[syscall_handler: num=2 EIP=0x00800164 EAX=0x00000002]
[syscall_handler: num=8 EIP=0x008001A8 EAX=0x00000008]
[syscall_handler: num=2 EIP=0x00800164 EAX=0x00000002]
[task_switch: switching to pid=1 esp=0x00009B90]
[task_switch: switching to pid=2 esp=0x00402458]
[syscall_handler: num=2 EIP=0x00800164 EAX=0x00000002]
[syscall_handler: num=8 EIP=0x008001A8 EAX=0x00000008]
[syscall_handler: num=2 EIP=0x00800164 EAX=0x00000002]
[task_switch: switching to pid=1 esp=0x00009B90]
[task_switch: switching to pid=2 esp=0x00402458]
[syscall_handler: num=2 EIP=0x00800164 EAX=0x00000002]
[syscall_handler: num=8 EIP=0x008001A8 EAX=0x00000008]
[syscall_handler: num=2 EIP=0x00800164 EAX=0x00000002]
[task_switch: switching to pid=1 esp=0x00009B90]
[task_switch: switching to pid=2 esp=0x00402458]
[syscall_handler: num=2 EIP=0x00800164 EAX=0x00000002]
[syscall_handler: num=8 EIP=0x008001A8 EAX=0x00000008]
[syscall_handler: num=2 EIP=0x00800164 EAX=0x00000002]
[task_switch: switching to pid=1 esp=0x00009B90]
[task_switch: switching to pid=2 esp=0x00402458]
[syscall_handler: num=2 EIP=0x00800164 EAX=0x00000002]
[syscall_handler: num=8 EIP=0x008001A8 EAX=0x00000008]
[syscall_handler: num=2 EIP=0x00800164 EAX=0x00000002]
[task_switch: switching to pid=1 esp=0x00009B90]
[task_switch: switching to pid=2 esp=0x00402458]
[syscall_handler: num=2 EIP=0x00800164 EAX=0x00000002]
[syscall_handler: num=8 EIP=0x008001A8 EAX=0x00000008]
[syscall_handler: num=2 EIP=0x00800164 EAX=0x00000002]
[task_switch: switching to pid=1 esp=0x00009B90]
[task_switch: switching to pid=2 esp=0x00402458]
[syscall_handler: num=2 EIP=0x00800164 EAX=0x00000002]
[syscall_handler: num=8 EIP=0x008001A8 EAX=0x00000008]
[syscall_handler: num=2 EIP=0x00800164 EAX=0x00000002]
[task_switch: switching to pid=1 esp=0x00009B90]
[task_switch: switching to pid=2 esp=0x00402458]
[syscall_handler: num=2 EIP=0x00800164 EAX=0x00000002]
[syscall_handler: num=8 EIP=0x008001A8 EAX=0x00000008]
[syscall_handler: num=2 EIP=0x00800164 EAX=0x00000002]
[task_switch: switching to pid=1 esp=0x00009B90]
[task_switch: switching to pid=2 esp=0x00402458]
[syscall_handler: num=2 EIP=0x00800164 EAX=0x00000002]
[syscall_handler: num=8 EIP=0x0080023C EAX=0x00000008]
[syscall_handler: num=3 EIP=0x008005D4 EAX=0x00000003]
[syscall_handler: num=3 EIP=0x0080065B EAX=0x00000003]
[syscall_handler: num=27 EIP=0x00800754 EAX=0x0000001B]
[syscall_handler: num=31 EIP=0x00800765 EAX=0x0000001F]
[ELF: e_entry=0x08001092]
[task_create: entry=0x08001092 stack_addr=0x00406718 value_at_stack=0x08001092]
[ELF: proc->eip after task_create=0x08001092]
[task_switch: switching to pid=5 esp=0x004066EC]
[syscall_handler: num=243 EIP=0x080066A5 EAX=0x000000F3]
[syscall 243]
[syscall_handler: num=258 EIP=0x080055E5 EAX=0x00000102]
[syscall 258]
[syscall_handler: num=54 EIP=0x080060A4 EAX=0x00000036]
[syscall 54]
[syscall_handler: num=146 EIP=0x08007079 EAX=0x00000092]
[syscall 146]
[syscall_handler: num=20 EIP=0x080052B7 EAX=0x00000014]
[syscall 20]
[syscall_handler: num=146 EIP=0x08007079 EAX=0x00000092]
[syscall 146]
[syscall_handler: num=4 EIP=0x08005006 EAX=0x00000004]
[syscall 4]
[write fd=1 count=10 buf=0x08008021]
[syscall_handler: num=5 EIP=0x08005006 EAX=0x00000005]
[syscall 5]
[syscall_handler: num=146 EIP=0x08007079 EAX=0x00000092]
[syscall 146]
[syscall_handler: num=3 EIP=0x08005006 EAX=0x00000003]
[syscall 3]
[syscall_handler: num=146 EIP=0x08007079 EAX=0x00000092]
[syscall 146]
[syscall_handler: num=146 EIP=0x08007079 EAX=0x00000092]
[syscall 146]
[syscall_handler: num=140 EIP=0x080052E1 EAX=0x0000008C]
[syscall 140]
[llseek fd=3 offset=5 whence=0]
[syscall_handler: num=146 EIP=0x08007079 EAX=0x00000092]
[syscall 146]
[syscall_handler: num=140 EIP=0x080052E1 EAX=0x0000008C]
[syscall 140]
[llseek fd=3 offset=2 whence=1]
[syscall_handler: num=146 EIP=0x08007079 EAX=0x00000092]
[syscall 146]
[syscall_handler: num=140 EIP=0x080052E1 EAX=0x0000008C]
[syscall 140]
[llseek fd=3 offset=0 whence=2]
[syscall_handler: num=146 EIP=0x08007079 EAX=0x00000092]
[syscall 146]
[syscall_handler: num=6 EIP=0x08005006 EAX=0x00000006]
[syscall 6]
[syscall_handler: num=146 EIP=0x08007079 EAX=0x00000092]
[syscall 146]
[syscall_handler: num=383 EIP=0x08005AA2 EAX=0x0000017F]
[syscall 383]
[syscall_handler: num=146 EIP=0x08007079 EAX=0x00000092]
[syscall 146]
[syscall_handler: num=175 EIP=0x08001AD4 EAX=0x000000AF]
[syscall 175]
[syscall_handler: num=175 EIP=0x08001AA4 EAX=0x000000AF]
[syscall 175]
[syscall_handler: num=2 EIP=0x08005A32 EAX=0x00000002]
[syscall 2]
[syscall_handler: num=175 EIP=0x08001AF9 EAX=0x000000AF]
[syscall 175]
[syscall_handler: num=175 EIP=0x08001AF9 EAX=0x000000AF]
[syscall 175]
[syscall_handler: num=146 EIP=0x08007079 EAX=0x00000092]
[syscall 146]
[syscall_handler: num=11 EIP=0x08001824 EAX=0x0000000B]
[syscall 11]
[syscall_handler: num=146 EIP=0x08007079 EAX=0x00000092]
[syscall 146]
[syscall_handler: num=146 EIP=0x08007079 EAX=0x00000092]
[syscall 146]
[syscall_handler: num=252 EIP=0x0800571D EAX=0x000000FC]
[syscall 252]
[waking parent pid=2]
[task_switch: switching to pid=2 esp=0x00402458]
[syscall_handler: num=29 EIP=0x008007BB EAX=0x0000001D]
[syscall_handler: num=4 EIP=0x008007C8 EAX=0x00000004]
[syscall_handler: num=4 EIP=0x008007D0 EAX=0x00000004]
[syscall_handler: num=3 EIP=0x008003AC EAX=0x00000003]
[syscall_handler: num=14 EIP=0x0080044C EAX=0x0000000E]
[syscall_handler: num=16 EIP=0x0080045A EAX=0x00000010]
[syscall_handler: num=4 EIP=0x00800463 EAX=0x00000004]
[syscall_handler: num=1 EIP=0x008002B4 EAX=0x00000001]
[syscall_handler: num=1 EIP=0x008002BD EAX=0x00000001]
[syscall_handler: num=2 EIP=0x00800164 EAX=0x00000002]
[task_switch: switching to pid=1 esp=0x00009B90]
